(---------------------------------------------------------------------)
(                                                                     )
(    ARTWORK LOG                                                      )
(                                                                     )
(    Drawing          : TMR_Tiny_May-25.brd                           )
(    Software Version : 25.1S020                                      )
(    Date/Time        : Mon May 25 15:09:00 2026                      )
(                                                                     )
(---------------------------------------------------------------------)



 ******************************************
 WARNING: DRC OUT OF DATE on this layout.
 ******************************************

 ---- Photoplot outline rectangle not found; using drawing extents.



Results from parameter file ...
    DEVICE-TYPE           GERBER_RS274X
    OUTPUT-UNITS          MM
    FILM-SIZE             2400000 1600000
    FORMAT                2.5
    ABORT-ON-ERROR        NO
    SCALE                 1
    SUPPRESS-LEAD-ZEROES  YES
    SUPPRESS-TRAIL-ZEROES NO
    SUPPRESS-EQUAL        YES
    UNDEF-APT-CONT        NO



================================================================
     PROCESSING FILM < TOP >
     TO FILE < Z:/MyManjaro/HDisk/MyGithub/TinyCircularTMR/FrontendTMR/PCB/TOP.art > ...
================================================================

  FILM PARAMETERS :
  ---------------------------------------------------------
  Undefined line width                0.2540
  Mirror code                         NONE
  Rotate angle                        NONE
  Offset x:                           0.0000
  Offset y:                           0.0000
  Plot negative                       NO
  Suppress unconnected internal pads  NO
  Draw holes only                     NO

    WARNING: 0 width line found at (25.0000 0.0000)
           ... using undefined line width of 0.2540



  APERTURES USED:
  ---------------------------------------------------------
  TYPE       SIZE/NAME                   ROT   MIRROR MODE 
  ---------------------------------------------------------
  CIRCLE     0.10000                                  DARK 
  CIRCLE     0.12700                                  DARK 
  CIRCLE     0.15000                                  DARK 
  CIRCLE     0.20000                                  DARK 
  CIRCLE     0.22000                                  DARK 
  CIRCLE     0.25000                                  DARK 
  CIRCLE     0.25400                                  DARK 
  CIRCLE     0.26000                                  DARK 
  CIRCLE     0.30000                                  DARK 
  CIRCLE     0.35000                                  DARK 
  CIRCLE     0.40000                                  DARK 
  CIRCLE     0.45000                                  DARK 
  CIRCLE     0.50000                                  DARK 
  CIRCLE     0.60000                                  DARK 
  CIRCLE     1.00000                                  DARK 
  CIRCLE     1.20000                                  DARK 
  CIRCLE     1.50000                                  DARK 
  CIRCLE     1.80000                                  DARK 
  CIRCLE     2.30000                                  DARK 
  SQUARE     1.50000                     0.000 NO     DARK 
  SQUARE     5.00000                     0.000 NO     DARK 
  RECTANGLE  0.20000     x 0.30000       0.000 NO     DARK 
  RECTANGLE  0.25000     x 0.60000       0.000 NO     DARK 
  RECTANGLE  0.25000     x 0.60000      90.000 NO     DARK 
  RECTANGLE  0.25000     x 0.80000       0.000 NO     DARK 
  RECTANGLE  0.25000     x 0.80000      90.000 NO     DARK 
  RECTANGLE  0.30000     x 1.00000       0.000 NO     DARK 
  RECTANGLE  0.30000     x 1.50000       0.000 NO     DARK 
  RECTANGLE  0.35000     x 1.00000       0.000 NO     DARK 
  RECTANGLE  0.50000     x 1.00000       0.000 NO     DARK 
  RECTANGLE  0.50000     x 1.00000      90.000 NO     DARK 
  RECTANGLE  0.50000     x 1.50000       0.000 NO     DARK 
  RECTANGLE  0.51000     x 1.27000      90.000 NO     DARK 
  RECTANGLE  0.60000     x 0.80000       0.000 NO     DARK 
  RECTANGLE  0.60000     x 0.80000      20.000 NO     DARK 
  RECTANGLE  0.60000     x 0.80000      25.000 NO     DARK 
  RECTANGLE  0.60000     x 0.80000      33.000 NO     DARK 
  RECTANGLE  0.60000     x 0.80000      36.000 NO     DARK 
  RECTANGLE  0.60000     x 0.80000      37.000 NO     DARK 
  RECTANGLE  0.60000     x 0.80000      54.000 NO     DARK 
  RECTANGLE  0.60000     x 0.80000      58.000 NO     DARK 
  RECTANGLE  0.60000     x 0.80000      78.000 NO     DARK 
  RECTANGLE  0.60000     x 0.80000      82.000 NO     DARK 
  RECTANGLE  0.60000     x 0.80000      83.000 NO     DARK 
  RECTANGLE  0.60000     x 0.80000      90.000 NO     DARK 
  RECTANGLE  0.60000     x 0.80000     100.000 NO     DARK 
  RECTANGLE  0.60000     x 0.80000     105.000 NO     DARK 
  RECTANGLE  0.60000     x 0.80000     124.000 NO     DARK 
  RECTANGLE  0.60000     x 0.80000     127.000 NO     DARK 
  RECTANGLE  0.60000     x 0.80000     128.000 NO     DARK 
  RECTANGLE  0.60000     x 0.80000     145.000 NO     DARK 
  RECTANGLE  0.60000     x 0.80000     149.000 NO     DARK 
  RECTANGLE  0.60000     x 0.80000     156.000 NO     DARK 
  RECTANGLE  0.60000     x 0.80000     157.000 NO     DARK 
  RECTANGLE  0.60000     x 0.80000     162.000 NO     DARK 
  RECTANGLE  0.60000     x 1.20000       0.000 NO     DARK 
  RECTANGLE  0.60000     x 1.20000      10.000 NO     DARK 
  RECTANGLE  0.60000     x 1.20000      32.000 NO     DARK 
  RECTANGLE  0.60000     x 1.20000      33.000 NO     DARK 
  RECTANGLE  0.60000     x 1.20000      54.000 NO     DARK 
  RECTANGLE  0.60000     x 1.20000      67.000 NO     DARK 
  RECTANGLE  0.60000     x 1.20000      90.000 NO     DARK 
  RECTANGLE  0.60000     x 1.20000     110.000 NO     DARK 
  RECTANGLE  0.60000     x 1.20000     122.000 NO     DARK 
  RECTANGLE  0.60000     x 1.20000     144.000 NO     DARK 
  RECTANGLE  0.60000     x 1.20000     147.000 NO     DARK 
  RECTANGLE  0.60000     x 1.20000     168.000 NO     DARK 
  RECTANGLE  0.60000     x 1.80000       0.000 NO     DARK 
  RECTANGLE  0.80000     x 0.90000       0.000 NO     DARK 
  RECTANGLE  1.00000     x 1.20000       0.000 NO     DARK 
  RECTANGLE  1.00000     x 1.20000      90.000 NO     DARK 
  RECTANGLE  1.14000     x 1.20000      90.000 NO     DARK 
  RECTANGLE  1.20000     x 2.40000       0.000 NO     DARK 
  RECTANGLE  1.50000     x 1.60000      90.000 NO     DARK 
  RECTANGLE  1.50000     x 1.80000      90.000 NO     DARK 
  RECTANGLE  1.50000     x 2.50000       0.000 NO     DARK 
  RECTANGLE  2.20000     x 0.74000      90.000 NO     DARK 

     TOP created with warnings


================================================================
     PROCESSING FILM < GND >
     TO FILE < Z:/MyManjaro/HDisk/MyGithub/TinyCircularTMR/FrontendTMR/PCB/GND.art > ...
================================================================

  FILM PARAMETERS :
  ---------------------------------------------------------
  Undefined line width                0.2540
  Mirror code                         NONE
  Rotate angle                        NONE
  Offset x:                           0.0000
  Offset y:                           0.0000
  Plot negative                       NO
  Suppress unconnected internal pads  NO
  Draw holes only                     NO

    WARNING: Multiple 0 width lines; all will be treated the same as the first.
           ... using undefined line width of 0.2540



  APERTURES USED:
  ---------------------------------------------------------
  TYPE       SIZE/NAME                   ROT   MIRROR MODE 
  ---------------------------------------------------------
  CIRCLE     0.10000                                  DARK 
  CIRCLE     0.25400                                  DARK 
  CIRCLE     0.38100                                  DARK 
  CIRCLE     0.40000                                  DARK 
  CIRCLE     0.60000                                  DARK 
  CIRCLE     1.00000                                  DARK 
  CIRCLE     1.50000                                  DARK 
  CIRCLE     1.80000                                  DARK 
  CIRCLE     2.30000                                  DARK 

     GND created with warnings


================================================================
     PROCESSING FILM < VCC >
     TO FILE < Z:/MyManjaro/HDisk/MyGithub/TinyCircularTMR/FrontendTMR/PCB/VCC.art > ...
================================================================

  FILM PARAMETERS :
  ---------------------------------------------------------
  Undefined line width                0.2540
  Mirror code                         NONE
  Rotate angle                        NONE
  Offset x:                           0.0000
  Offset y:                           0.0000
  Plot negative                       NO
  Suppress unconnected internal pads  NO
  Draw holes only                     NO



  APERTURES USED:
  ---------------------------------------------------------
  TYPE       SIZE/NAME                   ROT   MIRROR MODE 
  ---------------------------------------------------------
  CIRCLE     0.10000                                  DARK 
  CIRCLE     0.18000                                  DARK 
  CIRCLE     0.20000                                  DARK 
  CIRCLE     0.25400                                  DARK 
  CIRCLE     0.30000                                  DARK 
  CIRCLE     0.40000                                  DARK 
  CIRCLE     0.60000                                  DARK 
  CIRCLE     1.00000                                  DARK 
  CIRCLE     1.50000                                  DARK 
  CIRCLE     1.80000                                  DARK 
  CIRCLE     2.30000                                  DARK 

     VCC created with warnings


================================================================
     PROCESSING FILM < BOTTOM >
     TO FILE < Z:/MyManjaro/HDisk/MyGithub/TinyCircularTMR/FrontendTMR/PCB/BOTTOM.art > ...
================================================================

  FILM PARAMETERS :
  ---------------------------------------------------------
  Undefined line width                0.2540
  Mirror code                         NONE
  Rotate angle                        NONE
  Offset x:                           0.0000
  Offset y:                           0.0000
  Plot negative                       NO
  Suppress unconnected internal pads  NO
  Draw holes only                     NO



  APERTURES USED:
  ---------------------------------------------------------
  TYPE       SIZE/NAME                   ROT   MIRROR MODE 
  ---------------------------------------------------------
  CIRCLE     0.10000                                  DARK 
  CIRCLE     0.12700                                  DARK 
  CIRCLE     0.15000                                  DARK 
  CIRCLE     0.20000                                  DARK 
  CIRCLE     0.25000                                  DARK 
  CIRCLE     0.25400                                  DARK 
  CIRCLE     0.28000                                  DARK 
  CIRCLE     0.30000                                  DARK 
  CIRCLE     0.40000                                  DARK 
  CIRCLE     0.50000                                  DARK 
  CIRCLE     0.60000                                  DARK 
  CIRCLE     1.00000                                  DARK 
  CIRCLE     1.50000                                  DARK 
  CIRCLE     1.80000                                  DARK 
  CIRCLE     2.30000                                  DARK 
  RECTANGLE  0.20000     x 0.30000       0.000 NO     DARK 
  RECTANGLE  0.20000     x 0.30000      90.000 NO     DARK 
  RECTANGLE  0.35000     x 0.30000      90.000 NO     DARK 
  RECTANGLE  0.50000     x 0.60000       0.000 NO     DARK 
  RECTANGLE  0.51000     x 1.27000      90.000 NO     DARK 
  RECTANGLE  0.55000     x 0.60000      90.000 NO     DARK 
  RECTANGLE  0.60000     x 0.80000       0.000 NO     DARK 
  RECTANGLE  0.60000     x 0.80000      90.000 NO     DARK 
  RECTANGLE  0.65000     x 1.50000       0.000 NO     DARK 
  RECTANGLE  0.80000     x 0.90000       0.000 NO     DARK 
  RECTANGLE  0.80000     x 0.90000      90.000 NO     DARK 
  RECTANGLE  0.90000     x 1.00000       0.000 NO     DARK 

     BOTTOM created with warnings


================================================================
     PROCESSING FILM < SILKSCREEN_TOP >
     TO FILE < Z:/MyManjaro/HDisk/MyGithub/TinyCircularTMR/FrontendTMR/PCB/SILKSCREEN_TOP.art > ...
================================================================

  FILM PARAMETERS :
  ---------------------------------------------------------
  Undefined line width                0.2540
  Mirror code                         NONE
  Rotate angle                        NONE
  Offset x:                           0.0000
  Offset y:                           0.0000
  Plot negative                       NO
  Suppress unconnected internal pads  NO
  Draw holes only                     NO



  APERTURES USED:
  ---------------------------------------------------------
  TYPE       SIZE/NAME                   ROT   MIRROR MODE 
  ---------------------------------------------------------
  CIRCLE     0.03000                                  DARK 
  CIRCLE     0.05000                                  DARK 
  CIRCLE     0.10000                                  DARK 
  CIRCLE     0.20000                                  DARK 
  CIRCLE     0.25400                                  DARK 

     SILKSCREEN_TOP created with warnings


================================================================
     PROCESSING FILM < SILKSCREEN_BOTTOM >
     TO FILE < Z:/MyManjaro/HDisk/MyGithub/TinyCircularTMR/FrontendTMR/PCB/SILKSCREEN_BOTTOM.art > ...
================================================================

  FILM PARAMETERS :
  ---------------------------------------------------------
  Undefined line width                0.2540
  Mirror code                         NONE
  Rotate angle                        NONE
  Offset x:                           0.0000
  Offset y:                           0.0000
  Plot negative                       NO
  Suppress unconnected internal pads  NO
  Draw holes only                     NO



  APERTURES USED:
  ---------------------------------------------------------
  TYPE       SIZE/NAME                   ROT   MIRROR MODE 
  ---------------------------------------------------------
  CIRCLE     0.03000                                  DARK 
  CIRCLE     0.05000                                  DARK 
  CIRCLE     0.10000                                  DARK 
  CIRCLE     0.20000                                  DARK 
  CIRCLE     0.25400                                  DARK 

     SILKSCREEN_BOTTOM created with warnings


================================================================
     PROCESSING FILM < SOLDERMASK_TOP >
     TO FILE < Z:/MyManjaro/HDisk/MyGithub/TinyCircularTMR/FrontendTMR/PCB/SOLDERMASK_TOP.art > ...
================================================================

  FILM PARAMETERS :
  ---------------------------------------------------------
  Undefined line width                0.2540
  Mirror code                         NONE
  Rotate angle                        NONE
  Offset x:                           0.0000
  Offset y:                           0.0000
  Plot negative                       NO
  Suppress unconnected internal pads  NO
  Draw holes only                     NO



  APERTURES USED:
  ---------------------------------------------------------
  TYPE       SIZE/NAME                   ROT   MIRROR MODE 
  ---------------------------------------------------------
  CIRCLE     0.10000                                  DARK 
  CIRCLE     0.25400                                  DARK 
  CIRCLE     0.45000                                  DARK 
  CIRCLE     1.10000                                  DARK 
  CIRCLE     1.60000                                  DARK 
  CIRCLE     1.90000                                  DARK 
  CIRCLE     2.30000                                  DARK 
  SQUARE     1.60000                     0.000 NO     DARK 
  SQUARE     5.30000                     0.000 NO     DARK 
  RECTANGLE  0.30000     x 0.40000       0.000 NO     DARK 
  RECTANGLE  0.35000     x 0.70000       0.000 NO     DARK 
  RECTANGLE  0.35000     x 0.70000      90.000 NO     DARK 
  RECTANGLE  0.35000     x 0.90000       0.000 NO     DARK 
  RECTANGLE  0.35000     x 0.90000      90.000 NO     DARK 
  RECTANGLE  0.40000     x 1.10000       0.000 NO     DARK 
  RECTANGLE  0.40000     x 1.60000       0.000 NO     DARK 
  RECTANGLE  0.45000     x 1.00000       0.000 NO     DARK 
  RECTANGLE  0.60000     x 1.10000       0.000 NO     DARK 
  RECTANGLE  0.60000     x 1.10000      90.000 NO     DARK 
  RECTANGLE  0.60000     x 1.60000       0.000 NO     DARK 
  RECTANGLE  0.61000     x 1.37000      90.000 NO     DARK 
  RECTANGLE  0.70000     x 0.90000       0.000 NO     DARK 
  RECTANGLE  0.70000     x 0.90000      20.000 NO     DARK 
  RECTANGLE  0.70000     x 0.90000      25.000 NO     DARK 
  RECTANGLE  0.70000     x 0.90000      33.000 NO     DARK 
  RECTANGLE  0.70000     x 0.90000      36.000 NO     DARK 
  RECTANGLE  0.70000     x 0.90000      37.000 NO     DARK 
  RECTANGLE  0.70000     x 0.90000      54.000 NO     DARK 
  RECTANGLE  0.70000     x 0.90000      58.000 NO     DARK 
  RECTANGLE  0.70000     x 0.90000      78.000 NO     DARK 
  RECTANGLE  0.70000     x 0.90000      82.000 NO     DARK 
  RECTANGLE  0.70000     x 0.90000      83.000 NO     DARK 
  RECTANGLE  0.70000     x 0.90000      90.000 NO     DARK 
  RECTANGLE  0.70000     x 0.90000     100.000 NO     DARK 
  RECTANGLE  0.70000     x 0.90000     105.000 NO     DARK 
  RECTANGLE  0.70000     x 0.90000     124.000 NO     DARK 
  RECTANGLE  0.70000     x 0.90000     127.000 NO     DARK 
  RECTANGLE  0.70000     x 0.90000     128.000 NO     DARK 
  RECTANGLE  0.70000     x 0.90000     145.000 NO     DARK 
  RECTANGLE  0.70000     x 0.90000     149.000 NO     DARK 
  RECTANGLE  0.70000     x 0.90000     156.000 NO     DARK 
  RECTANGLE  0.70000     x 0.90000     157.000 NO     DARK 
  RECTANGLE  0.70000     x 0.90000     162.000 NO     DARK 
  RECTANGLE  0.70000     x 1.30000       0.000 NO     DARK 
  RECTANGLE  0.70000     x 1.30000      10.000 NO     DARK 
  RECTANGLE  0.70000     x 1.30000      32.000 NO     DARK 
  RECTANGLE  0.70000     x 1.30000      33.000 NO     DARK 
  RECTANGLE  0.70000     x 1.30000      54.000 NO     DARK 
  RECTANGLE  0.70000     x 1.30000      67.000 NO     DARK 
  RECTANGLE  0.70000     x 1.30000      90.000 NO     DARK 
  RECTANGLE  0.70000     x 1.30000     110.000 NO     DARK 
  RECTANGLE  0.70000     x 1.30000     122.000 NO     DARK 
  RECTANGLE  0.70000     x 1.30000     144.000 NO     DARK 
  RECTANGLE  0.70000     x 1.30000     147.000 NO     DARK 
  RECTANGLE  0.70000     x 1.30000     168.000 NO     DARK 
  RECTANGLE  0.70000     x 1.90000       0.000 NO     DARK 
  RECTANGLE  0.90000     x 1.00000       0.000 NO     DARK 
  RECTANGLE  1.10000     x 1.30000       0.000 NO     DARK 
  RECTANGLE  1.10000     x 1.30000      90.000 NO     DARK 
  RECTANGLE  1.24000     x 1.30000      90.000 NO     DARK 
  RECTANGLE  1.30000     x 2.50000       0.000 NO     DARK 
  RECTANGLE  1.60000     x 1.70000      90.000 NO     DARK 
  RECTANGLE  1.60000     x 1.90000      90.000 NO     DARK 
  RECTANGLE  1.60000     x 2.60000       0.000 NO     DARK 
  RECTANGLE  2.30000     x 0.84000      90.000 NO     DARK 

     SOLDERMASK_TOP created with warnings


================================================================
     PROCESSING FILM < SOLDERMASK_BOTTOM >
     TO FILE < Z:/MyManjaro/HDisk/MyGithub/TinyCircularTMR/FrontendTMR/PCB/SOLDERMASK_BOTTOM.art > ...
================================================================

  FILM PARAMETERS :
  ---------------------------------------------------------
  Undefined line width                0.2540
  Mirror code                         NONE
  Rotate angle                        NONE
  Offset x:                           0.0000
  Offset y:                           0.0000
  Plot negative                       NO
  Suppress unconnected internal pads  NO
  Draw holes only                     NO



  APERTURES USED:
  ---------------------------------------------------------
  TYPE       SIZE/NAME                   ROT   MIRROR MODE 
  ---------------------------------------------------------
  CIRCLE     0.10000                                  DARK 
  CIRCLE     0.25400                                  DARK 
  CIRCLE     1.00000                                  DARK 
  CIRCLE     1.50000                                  DARK 
  CIRCLE     1.80000                                  DARK 
  RECTANGLE  0.20000     x 0.30000       0.000 NO     DARK 
  RECTANGLE  0.20000     x 0.30000      90.000 NO     DARK 
  RECTANGLE  0.35000     x 0.30000      90.000 NO     DARK 
  RECTANGLE  0.50000     x 0.60000       0.000 NO     DARK 
  RECTANGLE  0.51000     x 1.27000      90.000 NO     DARK 
  RECTANGLE  0.55000     x 0.60000      90.000 NO     DARK 
  RECTANGLE  0.60000     x 0.80000       0.000 NO     DARK 
  RECTANGLE  0.60000     x 0.80000      90.000 NO     DARK 
  RECTANGLE  0.65000     x 1.50000       0.000 NO     DARK 
  RECTANGLE  0.80000     x 0.90000       0.000 NO     DARK 
  RECTANGLE  0.80000     x 0.90000      90.000 NO     DARK 
  RECTANGLE  0.90000     x 1.00000       0.000 NO     DARK 

     SOLDERMASK_BOTTOM created with warnings


================================================================
     PROCESSING FILM < PASTEMASK_TOP >
     TO FILE < Z:/MyManjaro/HDisk/MyGithub/TinyCircularTMR/FrontendTMR/PCB/PASTEMASK_TOP.art > ...
================================================================

  FILM PARAMETERS :
  ---------------------------------------------------------
  Undefined line width                0.2540
  Mirror code                         NONE
  Rotate angle                        NONE
  Offset x:                           0.0000
  Offset y:                           0.0000
  Plot negative                       NO
  Suppress unconnected internal pads  NO
  Draw holes only                     NO



  APERTURES USED:
  ---------------------------------------------------------
  TYPE       SIZE/NAME                   ROT   MIRROR MODE 
  ---------------------------------------------------------
  CIRCLE     0.10000                                  DARK 
  CIRCLE     0.25400                                  DARK 
  CIRCLE     0.35000                                  DARK 
  CIRCLE     1.00000                                  DARK 
  CIRCLE     1.50000                                  DARK 
  CIRCLE     1.80000                                  DARK 
  SQUARE     1.50000                     0.000 NO     DARK 
  SQUARE     5.00000                     0.000 NO     DARK 
  RECTANGLE  0.20000     x 0.30000       0.000 NO     DARK 
  RECTANGLE  0.25000     x 0.60000       0.000 NO     DARK 
  RECTANGLE  0.25000     x 0.60000      90.000 NO     DARK 
  RECTANGLE  0.25000     x 0.80000       0.000 NO     DARK 
  RECTANGLE  0.25000     x 0.80000      90.000 NO     DARK 
  RECTANGLE  0.30000     x 1.00000       0.000 NO     DARK 
  RECTANGLE  0.30000     x 1.50000       0.000 NO     DARK 
  RECTANGLE  0.35000     x 1.00000       0.000 NO     DARK 
  RECTANGLE  0.50000     x 1.00000       0.000 NO     DARK 
  RECTANGLE  0.50000     x 1.00000      90.000 NO     DARK 
  RECTANGLE  0.50000     x 1.50000       0.000 NO     DARK 
  RECTANGLE  0.51000     x 1.27000      90.000 NO     DARK 
  RECTANGLE  0.60000     x 0.80000       0.000 NO     DARK 
  RECTANGLE  0.60000     x 0.80000      20.000 NO     DARK 
  RECTANGLE  0.60000     x 0.80000      25.000 NO     DARK 
  RECTANGLE  0.60000     x 0.80000      33.000 NO     DARK 
  RECTANGLE  0.60000     x 0.80000      36.000 NO     DARK 
  RECTANGLE  0.60000     x 0.80000      37.000 NO     DARK 
  RECTANGLE  0.60000     x 0.80000      54.000 NO     DARK 
  RECTANGLE  0.60000     x 0.80000      58.000 NO     DARK 
  RECTANGLE  0.60000     x 0.80000      78.000 NO     DARK 
  RECTANGLE  0.60000     x 0.80000      82.000 NO     DARK 
  RECTANGLE  0.60000     x 0.80000      83.000 NO     DARK 
  RECTANGLE  0.60000     x 0.80000      90.000 NO     DARK 
  RECTANGLE  0.60000     x 0.80000     100.000 NO     DARK 
  RECTANGLE  0.60000     x 0.80000     105.000 NO     DARK 
  RECTANGLE  0.60000     x 0.80000     124.000 NO     DARK 
  RECTANGLE  0.60000     x 0.80000     127.000 NO     DARK 
  RECTANGLE  0.60000     x 0.80000     128.000 NO     DARK 
  RECTANGLE  0.60000     x 0.80000     145.000 NO     DARK 
  RECTANGLE  0.60000     x 0.80000     149.000 NO     DARK 
  RECTANGLE  0.60000     x 0.80000     156.000 NO     DARK 
  RECTANGLE  0.60000     x 0.80000     157.000 NO     DARK 
  RECTANGLE  0.60000     x 0.80000     162.000 NO     DARK 
  RECTANGLE  0.60000     x 1.20000       0.000 NO     DARK 
  RECTANGLE  0.60000     x 1.20000      10.000 NO     DARK 
  RECTANGLE  0.60000     x 1.20000      32.000 NO     DARK 
  RECTANGLE  0.60000     x 1.20000      33.000 NO     DARK 
  RECTANGLE  0.60000     x 1.20000      54.000 NO     DARK 
  RECTANGLE  0.60000     x 1.20000      67.000 NO     DARK 
  RECTANGLE  0.60000     x 1.20000      90.000 NO     DARK 
  RECTANGLE  0.60000     x 1.20000     110.000 NO     DARK 
  RECTANGLE  0.60000     x 1.20000     122.000 NO     DARK 
  RECTANGLE  0.60000     x 1.20000     144.000 NO     DARK 
  RECTANGLE  0.60000     x 1.20000     147.000 NO     DARK 
  RECTANGLE  0.60000     x 1.20000     168.000 NO     DARK 
  RECTANGLE  0.60000     x 1.80000       0.000 NO     DARK 
  RECTANGLE  0.80000     x 0.90000       0.000 NO     DARK 
  RECTANGLE  1.00000     x 1.20000       0.000 NO     DARK 
  RECTANGLE  1.00000     x 1.20000      90.000 NO     DARK 
  RECTANGLE  1.14000     x 1.20000      90.000 NO     DARK 
  RECTANGLE  1.20000     x 2.40000       0.000 NO     DARK 
  RECTANGLE  1.50000     x 1.60000      90.000 NO     DARK 
  RECTANGLE  1.50000     x 1.80000      90.000 NO     DARK 
  RECTANGLE  1.50000     x 2.50000       0.000 NO     DARK 
  RECTANGLE  2.20000     x 0.74000      90.000 NO     DARK 

     PASTEMASK_TOP created with warnings


================================================================
     PROCESSING FILM < PASTEMASK_BOTTOM >
     TO FILE < Z:/MyManjaro/HDisk/MyGithub/TinyCircularTMR/FrontendTMR/PCB/PASTEMASK_BOTTOM.art > ...
================================================================

  FILM PARAMETERS :
  ---------------------------------------------------------
  Undefined line width                0.2540
  Mirror code                         NONE
  Rotate angle                        NONE
  Offset x:                           0.0000
  Offset y:                           0.0000
  Plot negative                       NO
  Suppress unconnected internal pads  NO
  Draw holes only                     NO



  APERTURES USED:
  ---------------------------------------------------------
  TYPE       SIZE/NAME                   ROT   MIRROR MODE 
  ---------------------------------------------------------
  CIRCLE     0.10000                                  DARK 
  CIRCLE     0.25400                                  DARK 
  CIRCLE     1.00000                                  DARK 
  CIRCLE     1.50000                                  DARK 
  CIRCLE     1.80000                                  DARK 
  RECTANGLE  0.20000     x 0.30000       0.000 NO     DARK 
  RECTANGLE  0.20000     x 0.30000      90.000 NO     DARK 
  RECTANGLE  0.35000     x 0.30000      90.000 NO     DARK 
  RECTANGLE  0.50000     x 0.60000       0.000 NO     DARK 
  RECTANGLE  0.51000     x 1.27000      90.000 NO     DARK 
  RECTANGLE  0.55000     x 0.60000      90.000 NO     DARK 
  RECTANGLE  0.60000     x 0.80000       0.000 NO     DARK 
  RECTANGLE  0.60000     x 0.80000      90.000 NO     DARK 
  RECTANGLE  0.65000     x 1.50000       0.000 NO     DARK 
  RECTANGLE  0.80000     x 0.90000       0.000 NO     DARK 
  RECTANGLE  0.80000     x 0.90000      90.000 NO     DARK 
  RECTANGLE  0.90000     x 1.00000       0.000 NO     DARK 

     PASTEMASK_BOTTOM created with warnings


================================================================
     PROCESSING FILM < DIMENSION >
     TO FILE < Z:/MyManjaro/HDisk/MyGithub/TinyCircularTMR/FrontendTMR/PCB/DIMENSION.art > ...
================================================================

  FILM PARAMETERS :
  ---------------------------------------------------------
  Undefined line width                0.2540
  Mirror code                         NONE
  Rotate angle                        NONE
  Offset x:                           0.0000
  Offset y:                           0.0000
  Plot negative                       NO
  Suppress unconnected internal pads  NO
  Draw holes only                     NO

    WARNING: text composed 0 width line found at (-45.9559 -39.5875)
           ... using undefined line width of 0.2540

    WARNING: text having Multiple 0 width lines; all will be treated the same as the first.
           ... using undefined line width of 0.2540



  APERTURES USED:
  ---------------------------------------------------------
  TYPE       SIZE/NAME                   ROT   MIRROR MODE 
  ---------------------------------------------------------
  CIRCLE     0.03000                                  DARK 
  CIRCLE     0.25400                                  DARK 

     DIMENSION created with warnings


------------------------------------------------------
 SUMMARY:
        TOP created with warnings
        GND created with warnings
        VCC created with warnings
        BOTTOM created with warnings
        SILKSCREEN_TOP created with warnings
        SILKSCREEN_BOTTOM created with warnings
        SOLDERMASK_TOP created with warnings
        SOLDERMASK_BOTTOM created with warnings
        PASTEMASK_TOP created with warnings
        PASTEMASK_BOTTOM created with warnings
        DIMENSION created with warnings

 ARTWORK had warnings
