Lattice Timing Report -  Setup  and Hold, Version Radiant Software (64-bit) 2025.2.0.48.0

Thu Jul  2 14:36:02 2026

Copyright (c) 1991-1994 by NeoCAD Inc. All rights reserved.
Copyright (c) 1995 AT&T Corp.   All rights reserved.
Copyright (c) 1995-2001 Lucent Technologies Inc.  All rights reserved.
Copyright (c) 2001 Agere Systems   All rights reserved.
Copyright (c) 2002-2025 Lattice Semiconductor Corporation,  All rights reserved.

Command line:    timing -sethld -v 10 -u 10 -endpoints 10 -nperend 1 -sp High-Performance_1.2V -hsp m -pwrprd -html -rpt PoF_TMR_impl_1.twr PoF_TMR_impl_1.udb -gui -msgset Z:/MyManjaro/HDisk/MyGithub/TinyCircularTMR/FrontendTMR/Radiant/PoF_TMR/promote.xml

-----------------------------------------
Design:          PoF_TMR_Top
Family:          iCE40UP
Device:          iCE40UP5K
Package:         SG48
Performance:     High-Performance_1.2V
Package Status:                     Preliminary    Version 1.5
**Performance Hardware Data Status :   Advanced Version 1.0
-----------------------------------------


=====================================================================
                    Table of Contents
=====================================================================
    1  Timing Overview
        1.1  SDC Constraints
        1.2  Constraint Coverage
        1.3  Overall Summary
        1.4  Unconstrained Report
        1.5  Combinational Loop
        1.6  Error/Warning Messages
    2  Setup at Speed Grade High-Performance_1.2V Corner at 100 Degrees
        2.1  Clock Summary
        2.2  Endpoint slacks
        2.3  Detailed Report
    3  Hold at Speed Grade m Corner at -40 Degrees
        3.1  Endpoint slacks
        3.2  Detailed Report

=====================================================================
                    End of Table of Contents
=====================================================================

==============================================
1  Timing Overview
==============================================

1.1  SDC Constraints
=====================
[IGNORED:]create_generated_clock -name {clk_48MHz_Global} -source [get_pins ic_pll.lscc_pll_inst.u_PLL_B/REFERENCECLK] -multiply_by 4 [get_pins ic_pll.lscc_pll_inst.u_PLL_B/OUTGLOBAL]

Operating conditions:
--------------------
    Core voltage:  1.2 V; derate: 0% derated voltage:  1.2 V
ldc_set_vcc -core 1.2
ldc_set_vcc -core -derate 0
ldc_set_vcc -bank 0 -derate -1
    Bank 0 voltage: 1.782 V
ldc_set_vcc -bank 1 -derate -1
    Bank 1 voltage: 1.782 V
ldc_set_vcc -bank 2 -derate -1
    Bank 2 voltage: 1.782 V
ldc_set_vcc -bank 0 1.8
    Bank 0 voltage: 1.8 V
ldc_set_vcc -bank 1 1.8
    Bank 1 voltage: 1.8 V
ldc_set_vcc -bank 2 1.8
    Bank 2 voltage: 1.8 V

1.2  Constraint Coverage
---------------------------
Constraint Coverage: 0%


1.3  Overall Summary
---------------------------
 Setup at Speed Grade High-Performance_1.2V Corner at 100 Degrees     Timing Errors: 0 endpoints;  Total Negative Slack: 0.000 ns 
 Hold at Speed Grade m Corner at -40 Degrees                          Timing Errors: 0 endpoints;  Total Negative Slack: 0.000 ns 

1.4  Unconstrained Report
===========================

1.4.1  Unconstrained Start/End Points
--------------------------------------

Clocked but unconstrained timing start points
--------------------------------------------------
There is no start point satisfying reporting criteria


Clocked but unconstrained timing end points
-------------------------------------------------------------------
         Listing 10 End Points          |           Type           
-------------------------------------------------------------------
cntRst_1998__i24/D                      |    No arrival or required
cntRst_1998__i23/D                      |    No arrival or required
cntRst_1998__i22/D                      |    No arrival or required
cntRst_1998__i21/D                      |    No arrival or required
cntRst_1998__i20/D                      |    No arrival or required
cntRst_1998__i19/D                      |    No arrival or required
cntRst_1998__i18/D                      |    No arrival or required
cntRst_1998__i17/D                      |    No arrival or required
cntRst_1998__i16/D                      |    No arrival or required
cntRst_1998__i15/D                      |    No arrival or required
-------------------------------------------------------------------
                                        |                          
Number of unconstrained timing end poin |                          
ts                                      |                       725
                                        |                          
-------------------------------------------------------------------

1.4.2  Start/End Points Without Timing Constraints
---------------------------------------------------

I/O ports without constraint
----------------------------
Possible constraints to use on I/O ports are:
set_input_delay,
set_output_delay,
set_max_delay,
create_clock,
create_generated_clock,
...

-------------------------------------------------------------------
     Listing 10 Start or End Points     |           Type           
-------------------------------------------------------------------
iClk_12MHz                              |                     input
iCmd_RxD                                |                     input
iSPI_SDO                                |                     input
iTMP117_ALERT                           |                     input
oSPI_CNV                                |                    output
oData_TxD                               |                    output
oSPI_SCK                                |                    output
oFIFOWrFps                              |                    output
oFIFO_isFull                            |                    output
oTxFps                                  |                    output
-------------------------------------------------------------------
                                        |                          
Number of I/O ports without constraint  |                        14
                                        |                          
-------------------------------------------------------------------

Nets without clock definition
Define a clock on a top level port or a generated clock on a clock divider pin associated with this net(s).
--------------------------------------------------
There is no instance satisfying reporting criteria



1.5  Combinational Loop
========================
None


1.6  Error/Warning Messages
============================
WARNING "70001944" - No source clock for
	generated clock	create_generated_clock -name {clk_48MHz_Global} -source [get_pins {ic_pll/lscc_pll_inst/u_PLL_B/REFERENCECLK}] -multiply_by 4 [get_pins {ic_pll/lscc_pll_inst/u_PLL_B/OUTGLOBAL }] .

===============================================================
2  Setup at Speed Grade High-Performance_1.2V Corner at 100 Degrees
===============================================================

2.1  Clock Summary
=======================

2.1.1 Clock "clk_48MHz_Global"
=======================
create_generated_clock -name {clk_48MHz_Global} -source [get_pins {ic_pll/lscc_pll_inst/u_PLL_B/REFERENCECLK}] -multiply_by 4 [get_pins {ic_pll/lscc_pll_inst/u_PLL_B/OUTGLOBAL }] 

Single Clock Domain
-------------------------------------------------------------------------------------------------------
         Clock clk_48MHz_Global         |                    |       Period       |     Frequency      
-------------------------------------------------------------------------------------------------------
 From clk_48MHz_Global                  |             Target |               +INF |          0.000 MHz 
                                        | Actual (all paths) |           1.170 ns |        854.701 MHz 
myFIFO/lscc_fifo_inst/fifo0/_FABRIC.u_fifo/waddr_r_0__I_1/RCLK (MPW)                                                                
                                        |   (50% duty cycle) |           1.170 ns |        854.701 MHz 
-------------------------------------------------------------------------------------------------------

Clock Domain Crossing

2.2  Endpoint slacks
=======================
--------------------------------------------------
There is no end point satisfying reporting criteria

Total Negative Slack: 0


2.3  Detailed Report
=======================


XXXXXXXXXXXXXXXXXXXXXXXXXXXXXXXXXXXXXXXXXXXXXXXXXXXXXXXXXX

Detail report of critical paths

XXXXXXXXXXXXXXXXXXXXXXXXXXXXXXXXXXXXXXXXXXXXXXXXXXXXXXXXXX

 +++++++++++++++++++++++++++++++++++++++++++++++++++++++++++++++++++++
                    Detailed Report for timing paths 
 +++++++++++++++++++++++++++++++++++++++++++++++++++++++++++++++++++++
 +++++++++++++++++++++++++++++++++++++++++++++++++++++++++++++++++++++
                    End of Detailed Report for timing paths 
 +++++++++++++++++++++++++++++++++++++++++++++++++++++++++++++++++++++


##########################################################



===============================================================
3  Hold at Speed Grade m Corner at -40 Degrees
===============================================================

3.1  Endpoint slacks
=======================
--------------------------------------------------
There is no end point satisfying reporting criteria

Total Negative Slack: 0


3.2  Detailed Report
=======================


XXXXXXXXXXXXXXXXXXXXXXXXXXXXXXXXXXXXXXXXXXXXXXXXXXXXXXXXXX

Detail report of critical paths

XXXXXXXXXXXXXXXXXXXXXXXXXXXXXXXXXXXXXXXXXXXXXXXXXXXXXXXXXX

 +++++++++++++++++++++++++++++++++++++++++++++++++++++++++++++++++++++
                    Detailed Report for timing paths 
 +++++++++++++++++++++++++++++++++++++++++++++++++++++++++++++++++++++
 +++++++++++++++++++++++++++++++++++++++++++++++++++++++++++++++++++++
                    End of Detailed Report for timing paths 
 +++++++++++++++++++++++++++++++++++++++++++++++++++++++++++++++++++++


##########################################################



