
                         Lattice Mapping Report File

Design:  PoF_TMR_Top
Family:  iCE40UP
Device:  iCE40UP5K
Package: SG48
Performance Grade:  High-Performance_1.2V

Mapper:    version Radiant Software (64-bit) 2025.2.0.48.0
Mapped on: Thu Jul  2 14:35:47 2026

Design Information
------------------

Command line:   map -pdc Z:/MyManjaro/HDisk/MyGithub/TinyCircularTMR/FrontendTMR
     /Radiant/PoF_TMR/PoF_TMR_A1_Pin_Constraint.pdc -i PoF_TMR_impl_1_syn.udb -o
     PoF_TMR_impl_1_map.udb -mp PoF_TMR_impl_1.mrp -hierrpt -gui -msgset Z:/MyMa
     njaro/HDisk/MyGithub/TinyCircularTMR/FrontendTMR/Radiant/PoF_TMR/promote.xm
     l

Design Summary
--------------

   Number of slice registers: 392 out of  5280 (7%)
   Number of I/O registers:      0 out of   117 (0%)
   Number of LUT4s:           1034 out of  5280 (20%)
      Number of logic LUT4s:             649
      Number of inserted feedthru LUT4s:  68
      Number of replicated LUT4s:         17
      Number of ripple logic:            150 (300 LUT4s)
   Number of IO sites used:   13 out of 39 (33%)
      Number of IO sites used for general PIO: 11
      Number of IO sites used for I3C: 0 out of 2 (0%)
      (note: If I3C is not used, its site can be used as general PIO)
      Number of IO sites used for PIO+I3C: 11 out of 36 (31%)
      Number of IO sites used for OD+RGB IO buffers: 2 out of 3 (67%)
      (note: If RGB LED drivers are not used, sites can be used as OD outputs,
       see TN1288 iCE40 LED Driver Usage Guide)
      Number of IO sites used for PIO+I3C+OD+RGB: 13 out of 39 (33%)
   Number of DSPs:             0 out of 8 (0%)
   Number of I2Cs:             0 out of 2 (0%)
   Number of High Speed OSCs:  0 out of 1 (0%)
   Number of Low Speed OSCs:   0 out of 1 (0%)
   Number of RGB PWM:          0 out of 1 (0%)
   Number of RGB Drivers:      0 out of 1 (0%)
   Number of SCL FILTERs:      0 out of 2 (0%)
   Number of SRAMs:            0 out of 4 (0%)
   Number of WARMBOOTs:        0 out of 1 (0%)
   Number of SPIs:             0 out of 2 (0%)
   Number of EBRs:             1 out of 30 (3%)
   Number of PLLs:             1 out of 1 (100%)
   Number of Clocks:  2
      Net clk_48MHz_Global: 369 loads, 369 rising, 0 falling (Driver: Pin
     ic_pll.lscc_pll_inst.u_PLL_B/OUTGLOBAL)
      Net iClk_12MHz_c: 1 loads, 1 rising, 0 falling (Driver: Port iClk_12MHz)
   Number of Clock Enables:  32
      Net VCC_net: 2 loads, 0 SLICEs
      Net n723: 16 loads, 16 SLICEs
      Net myUART.n8: 13 loads, 13 SLICEs
      Net myUART.n12033: 1 loads, 1 SLICEs
      Net myUART.n3924: 16 loads, 16 SLICEs

                                    Page 1





Design Summary (cont)
---------------------
      Net myUART.n7: 8 loads, 8 SLICEs
      Net myUART.n11983: 1 loads, 1 SLICEs
      Net myUART.n5488: 1 loads, 1 SLICEs
      Net myUART.n375: 33 loads, 33 SLICEs
      Net myUART.n14813: 1 loads, 1 SLICEs
      Net myUART.uart_u1.n21: 8 loads, 8 SLICEs
      Net myUART.uart_u1.n7558: 1 loads, 1 SLICEs
      Net myUART.uart_u1.n5521: 8 loads, 8 SLICEs
      Net myUART.uart_u1.n5498: 1 loads, 1 SLICEs
      Net n3922: 15 loads, 15 SLICEs
      Net n1376: 8 loads, 8 SLICEs
      Net n5337: 32 loads, 32 SLICEs
      Net myTMP117.n4451: 8 loads, 8 SLICEs
      Net n4909: 1 loads, 1 SLICEs
      Net myAD7988.n3926: 16 loads, 16 SLICEs
      Net myAD7988.n5327: 26 loads, 26 SLICEs
      Net myAD7988.n5338: 8 loads, 8 SLICEs
      Net myAD7988.n5500: 1 loads, 1 SLICEs
      Net myAD7988.n5486: 8 loads, 8 SLICEs
      Net myAD7988.n8: 1 loads, 1 SLICEs
      Net myAD7988.n11843: 1 loads, 1 SLICEs
      Net myAD7988.n4925: 1 loads, 1 SLICEs
      Net myAD7988.u1_ad7988.n5328: 8 loads, 8 SLICEs
      Net myFIFO.lscc_fifo_inst.fifo0._FABRIC.u_fifo.rd_addr_nxt_w_0__N_381: 2
     loads, 2 SLICEs
      Net myFIFO.lscc_fifo_inst.fifo0._FABRIC.u_fifo.rd_fifo_en_w: 1 loads, 0
     SLICEs
      Net myFIFO.lscc_fifo_inst.fifo0._FABRIC.u_fifo.wr_fifo_en_w: 1 loads, 0
     SLICEs
      Net myFIFO.lscc_fifo_inst.fifo0._FABRIC.u_fifo.wr_addr_nxt_w_0__N_378: 2
     loads, 2 SLICEs
   Number of LSRs:  3
      Net rst_n_N_398: 303 loads, 303 SLICEs
      Net myUART.n5501: 4 loads, 4 SLICEs
      Net rst_n_N_392: 18 loads, 18 SLICEs
   Top 10 highest fanout non-clock nets:
      Net rst_n_N_398: 303 loads
      Net myTMP117.step_i[2]: 58 loads
      Net myTMP117.step_i[3]: 55 loads
      Net myTMP117.step_i[1]: 54 loads
      Net tick_250KHz: 45 loads
      Net myTMP117.step_i[0]: 44 loads
      Net myUART.cntFSM[0]: 35 loads
      Net myUART.n375: 34 loads
      Net n63: 34 loads
      Net myUART.n12704: 33 loads





   Number of warnings:  6
   Number of criticals: 0
   Number of errors:    0





                                    Page 2





Design Errors/Criticals/Warnings
--------------------------------

INFO <52291016> - map: Port 'oLED0' is located on BB_OD pad '39' and defined in
     rgb_2_gpio attribute. Its IO buffer is mapped to BB_OD accordingly. Please
     notice PULLMODE is not applicable to BB_OD.
INFO <52291016> - map: Port 'oLED1' is located on BB_OD pad '40' and defined in
     rgb_2_gpio attribute. Its IO buffer is mapped to BB_OD accordingly. Please
     notice PULLMODE is not applicable to BB_OD.
WARNING <71003020> - map: Top module port 'iCmd_RxD' does not connect to
     anything.
WARNING <71003020> - map: Top module port 'iSPI_SDO' does not connect to
     anything.
WARNING <71003020> - map: Top module port 'iTMP117_ALERT' does not connect to
     anything.
WARNING <71003020> - map: Top module port 'iCmd_RxD' does not connect to
     anything.
WARNING <71003020> - map: Top module port 'iSPI_SDO' does not connect to
     anything.
WARNING <71003020> - map: Top module port 'iTMP117_ALERT' does not connect to
     anything.

IO (PIO) Attributes
-------------------

+---------------------+-----------+-----------+-------+-------+-----------+
| IO Name             | Direction | Levelmode |  IO   |  IO   | Special   |
|                     |           |  IO_TYPE  |  REG  |  DDR  | IO Buffer |
+---------------------+-----------+-----------+-------+-------+-----------+
| ioTMP117_SDA        | BIDIR     | LVCMOS18  |       |       |           |
+---------------------+-----------+-----------+-------+-------+-----------+
| oSPI_SDI            | OUTPUT    | LVCMOS18  |       |       |           |
+---------------------+-----------+-----------+-------+-------+-----------+
| oSPI_CNV            | OUTPUT    | LVCMOS18  |       |       |           |
+---------------------+-----------+-----------+-------+-------+-----------+
| oData_TxD           | OUTPUT    | LVCMOS18  |       |       |           |
+---------------------+-----------+-----------+-------+-------+-----------+
| iClk_12MHz          | INPUT     | LVCMOS18  |       |       |           |
+---------------------+-----------+-----------+-------+-------+-----------+
| oSPI_SCK            | OUTPUT    | LVCMOS18  |       |       |           |
+---------------------+-----------+-----------+-------+-------+-----------+
| oFIFOWrFps          | OUTPUT    | LVCMOS18  |       |       |           |
+---------------------+-----------+-----------+-------+-------+-----------+
| oFIFO_isFull        | OUTPUT    | LVCMOS18  |       |       |           |
+---------------------+-----------+-----------+-------+-------+-----------+
| oTxFps              | OUTPUT    | LVCMOS18  |       |       |           |
+---------------------+-----------+-----------+-------+-------+-----------+
| oTMP117_SCL         | OUTPUT    | LVCMOS18  |       |       |           |
+---------------------+-----------+-----------+-------+-------+-----------+
| oLED2               | OUTPUT    | LVCMOS18  |       |       |           |
+---------------------+-----------+-----------+-------+-------+-----------+
| oLED1               | OUTPUT    | LVCMOS18  |       |       | OD        |
+---------------------+-----------+-----------+-------+-------+-----------+
| oLED0               | OUTPUT    | LVCMOS18  |       |       | OD        |
+---------------------+-----------+-----------+-------+-------+-----------+





                                    Page 3





Removed logic
-------------

Block i1 was optimized away.

PLL Summary
-----------

PLL 1:                                 Pin/Node Value
  PLL Instance Name:                            ic_pll/lscc_pll_inst/u_PLL_B
  Input Reference Clock:               PIN      iClk_12MHz_c
  Output Clock(CoreA):                          NONE
  Output Clock(GlobalA):               NODE     clk_48MHz_Global
  Output Clock(CoreB):                          NONE
  Output Clock(GlobalB):                        NONE
  Feedback input:                      NODE     ic_pll.lscc_pll_inst.feedback_w
  Internal Feedback output:            NODE     ic_pll.lscc_pll_inst.feedback_w
  BYPASS signal:                                GND
  LATCH signal:                                 GND
  Lock Signal:                         NODE     rst_short_n
  Input Clock Frequency (MHz):                  NA
  Reference Divider:                            0
  Feedback Divider:                             63
  VCO Divider:                                  4
  ENABLE_ICEGATE_PORTA:                         0
  ENABLE_ICEGATE_PORTB:                         0
  PLLOUT_SELECT_PORTA:                          GENCLK
  PLLOUT_SELECT_PORTB:                          GENCLK
  SHIFTREG_DIV_MODE:                            0
  DELAY_ADJUSTMENT_MODE_RELATIVE:               FIXED
  FDA_RELATIVE:                                 0
  FEEDBACK_PATH:                                SIMPLE
  DELAY_ADJUSTMENT_MODE_FEEDBACK:               FIXED
  FDA_FEEDBACK:                                 0
  FILTER_RANGE:                                 1
  EXTERNAL_DIVIDE_FACTOR:                       NONE
  TEST Mode:                                    0

ASIC Components
---------------

Instance Name: ic_pll/lscc_pll_inst/u_PLL_B
         Type: PLL
Instance Name: myFIFO/lscc_fifo_inst/fifo0/_FABRIC.u_fifo/waddr_r_0__I_1
         Type: EBR

Constraint Summary
------------------

   Total number of constraints: 42
   Total number of constraints dropped: 0

Run Time and Memory Usage
-------------------------

   Total CPU Time: 0 secs
   Total REAL Time: 0 secs
   Peak Memory Usage: 80 MB
Checksum -- map: 40957b481b461270bd3780ad16d9ecaeba2ab14b

                                    Page 4


Copyright (c) 1991-1994 by NeoCAD Inc. All rights reserved.
Copyright (c) 1995
     AT&T Corp.   All rights reserved.
Copyright (c) 1995-2001 Lucent
     Technologies Inc.  All rights reserved.
Copyright (c) 2001 Agere Systems
     All rights reserved.
Copyright (c) 2002-2025 Lattice Semiconductor
     Corporation,  All rights reserved.
